bibite|body.attackedDmg
bibite|body.brainTicksCount
bibite|body.control.totalTravel
bibite|body.corpseEnergyOffset
bibite|body.d2Size
bibite|body.dead
bibite|body.dying
bibite|body.eggLayer.children[*]
bibite|body.eggLayer.eggProgress
bibite|body.eggLayer.nEggsLaid
bibite|body.energy
bibite|body.fatReservesAmount
bibite|body.health
bibite|body.id
bibite|body.mouth.attackedLastFrame
bibite|body.mouth.bibitesBitten
bibite|body.mouth.biteProgress
bibite|body.mouth.murderedArea
bibite|body.mouth.totalDamageDealt
bibite|body.mouth.totalMurders
bibite|body.phero.progress
bibite|body.stomach.content[*].amount
bibite|body.stomach.content[*].averageChunkAmount
bibite|body.stomach.content[*].material
bibite|body.stomach.content[]
bibite|body.timesAttacked
bibite|body.totalDamageSuffered
bibite|body.visionLookupCount
bibite|body.visionSensingCount
bibite|brain.Nodes[*].Desc
bibite|brain.Nodes[*].Index
bibite|brain.Nodes[*].Inov
bibite|brain.Nodes[*].LastInput
bibite|brain.Nodes[*].LastOutput
bibite|brain.Nodes[*].Type
bibite|brain.Nodes[*].TypeName
bibite|brain.Nodes[*].Value
bibite|brain.Nodes[*].archetype
bibite|brain.Nodes[*].baseActivation
bibite|brain.Synapses[*].En
bibite|brain.Synapses[*].Inov
bibite|brain.Synapses[*].NodeIn
bibite|brain.Synapses[*].NodeOut
bibite|brain.Synapses[*].Weight
bibite|brain.isReady
bibite|clock.chronoTime
bibite|clock.tic
bibite|clock.ticProgress
bibite|clock.timeAlive
bibite|genes.gen
bibite|genes.genes.ArmorWAG
bibite|genes.genes.AverageMutationNumber
bibite|genes.genes.BrainAverageMutation
bibite|genes.genes.BrainMutationSigma
bibite|genes.genes.BroodTime
bibite|genes.genes.ClockSpeed
bibite|genes.genes.ColorB
bibite|genes.genes.ColorG
bibite|genes.genes.ColorR
bibite|genes.genes.Diet
bibite|genes.genes.EyeOffset
bibite|genes.genes.FatStorageDeadband
bibite|genes.genes.FatStorageThreshold
bibite|genes.genes.FatWAG
bibite|genes.genes.GrowthMaturityExponent
bibite|genes.genes.GrowthMaturityFactor
bibite|genes.genes.GrowthScale
bibite|genes.genes.HatchTime
bibite|genes.genes.HerdAlignmentWeight
bibite|genes.genes.HerdCohesionWeight
bibite|genes.genes.HerdSeparationDistance
bibite|genes.genes.HerdSeparationWeight
bibite|genes.genes.HerdVelocityWeight
bibite|genes.genes.LayTime
bibite|genes.genes.MouthMusclesWAG
bibite|genes.genes.MoveMusclesWAG
bibite|genes.genes.MutationAmountSigma
bibite|genes.genes.PheroSense
bibite|genes.genes.SizeRatio
bibite|genes.genes.SpeedRatio
bibite|genes.genes.StomachWAG
bibite|genes.genes.ThroatWAG
bibite|genes.genes.ViewAngle
bibite|genes.genes.ViewRadius
bibite|genes.genes.WombWAG
bibite|genes.isMutant
bibite|genes.isReady
bibite|genes.parent1
bibite|genes.speciesID
bibite|rb2d.px
bibite|rb2d.py
bibite|rb2d.r
bibite|rb2d.vx
bibite|rb2d.vy
bibite|transform.position[*]
bibite|transform.rotation
bibite|transform.scale
egg|brain.Nodes[*].Desc
egg|brain.Nodes[*].Index
egg|brain.Nodes[*].Inov
egg|brain.Nodes[*].LastInput
egg|brain.Nodes[*].LastOutput
egg|brain.Nodes[*].Type
egg|brain.Nodes[*].TypeName
egg|brain.Nodes[*].Value
egg|brain.Nodes[*].archetype
egg|brain.Nodes[*].baseActivation
egg|brain.Synapses[*].En
egg|brain.Synapses[*].Inov
egg|brain.Synapses[*].NodeIn
egg|brain.Synapses[*].NodeOut
egg|brain.Synapses[*].Weight
egg|brain.isReady
egg|egg.energy
egg|egg.hatchProgress
egg|egg.id
egg|genes.gen
egg|genes.genes.ArmorWAG
egg|genes.genes.AverageMutationNumber
egg|genes.genes.BrainAverageMutation
egg|genes.genes.BrainMutationSigma
egg|genes.genes.BroodTime
egg|genes.genes.ClockSpeed
egg|genes.genes.ColorB
egg|genes.genes.ColorG
egg|genes.genes.ColorR
egg|genes.genes.Diet
egg|genes.genes.EyeOffset
egg|genes.genes.FatStorageDeadband
egg|genes.genes.FatStorageThreshold
egg|genes.genes.FatWAG
egg|genes.genes.GrowthMaturityExponent
egg|genes.genes.GrowthMaturityFactor
egg|genes.genes.GrowthScale
egg|genes.genes.HatchTime
egg|genes.genes.HerdAlignmentWeight
egg|genes.genes.HerdCohesionWeight
egg|genes.genes.HerdSeparationDistance
egg|genes.genes.HerdSeparationWeight
egg|genes.genes.HerdVelocityWeight
egg|genes.genes.LayTime
egg|genes.genes.MouthMusclesWAG
egg|genes.genes.MoveMusclesWAG
egg|genes.genes.MutationAmountSigma
egg|genes.genes.PheroSense
egg|genes.genes.SizeRatio
egg|genes.genes.SpeedRatio
egg|genes.genes.StomachWAG
egg|genes.genes.ThroatWAG
egg|genes.genes.ViewAngle
egg|genes.genes.ViewRadius
egg|genes.genes.WombWAG
egg|genes.isMutant
egg|genes.isReady
egg|genes.parent1
egg|genes.speciesID
egg|rb2d.px
egg|rb2d.py
egg|rb2d.r
egg|rb2d.vx
egg|rb2d.vy
egg|transform.position[*]
egg|transform.rotation
egg|transform.scale
pellets|pellets[*].pellets[*].matterDecay.rotAmount
pellets|pellets[*].pellets[*].matterDecay.timeAlive
pellets|pellets[*].pellets[*].pellet.amount
pellets|pellets[*].pellets[*].pellet.material
pellets|pellets[*].pellets[*].rb2d.px
pellets|pellets[*].pellets[*].rb2d.py
pellets|pellets[*].pellets[*].rb2d.r
pellets|pellets[*].pellets[*].rb2d.vx
pellets|pellets[*].pellets[*].rb2d.vy
pellets|pellets[*].pellets[*].transform.position[*]
pellets|pellets[*].pellets[*].transform.rotation
pellets|pellets[*].pellets[*].transform.scale
pellets|pellets[*].zone
pheromones|pheromones[*].phero.Bstrength
pheromones|pheromones[*].phero.Gstrength
pheromones|pheromones[*].phero.Rstrength
pheromones|pheromones[*].phero.heading{}
pheromones|pheromones[*].phero.nB
pheromones|pheromones[*].phero.nG
pheromones|pheromones[*].phero.nR
pheromones|pheromones[*].transform.position[*]
pheromones|pheromones[*].transform.rotation
pheromones|pheromones[*].transform.scale
pheromones|pheromones[]
scene|colorSelectors[]
scene|nBibites
scene|nPellets
scene|pheroTowers[]
scene|radTowers[]
scene|simulatedTime
scene|version
settings|ageMetabolismPenalties.Value
settings|ageMetabolismPenalties.interactableChanged.m_PersistentCalls.m_Calls[]
settings|ageStrengthPenalties.Value
settings|ageStrengthPenalties.interactableChanged.m_PersistentCalls.m_Calls[]
settings|ageingThreshold.Value
settings|ageingThreshold.interactableChanged.m_PersistentCalls.m_Calls[]
settings|armMusclePressure.Value
settings|armMusclePressure.interactableChanged.m_PersistentCalls.m_Calls[]
settings|backgroundMutationChance.Value
settings|backgroundMutationChance.interactableChanged.m_PersistentCalls.m_Calls[]
settings|backgroundMutationVariance.Value
settings|backgroundMutationVariance.interactableChanged.m_PersistentCalls.m_Calls[]
settings|backwardFraction.Value
settings|backwardFraction.interactableChanged.m_PersistentCalls.m_Calls[]
settings|baseBodyGrowthCost.Value
settings|baseBodyGrowthCost.interactableChanged.m_PersistentCalls.m_Calls[]
settings|baseMetabolismCost.Value
settings|baseMetabolismCost.interactableChanged.m_PersistentCalls.m_Calls[]
settings|bibiteMassDensity.Value
settings|bibiteMassDensity.interactableChanged.m_PersistentCalls.m_Calls[]
settings|bibites[*].growthAtSpawn
settings|bibites[*].minimum
settings|bibites[*].path
settings|bibites[*].randomizeGenes
settings|bibites[*].spawnPriority
settings|bibites[*].spawnType
settings|bibites[*].tagging
settings|bibites[*].totalSpawned
settings|bitePeriodFactor.Value
settings|bitePeriodFactor.interactableChanged.m_PersistentCalls.m_Calls[]
settings|bitingDamageFactor.Value
settings|bitingDamageFactor.interactableChanged.m_PersistentCalls.m_Calls[]
settings|bitingPressure.Value
settings|bitingPressure.interactableChanged.m_PersistentCalls.m_Calls[]
settings|bitingThrowForceFactor.Value
settings|bitingThrowForceFactor.interactableChanged.m_PersistentCalls.m_Calls[]
settings|collisionDamageConstant.Value
settings|collisionDamageConstant.interactableChanged.m_PersistentCalls.m_Calls[]
settings|collisionDamageThreshold.Value
settings|collisionDamageThreshold.interactableChanged.m_PersistentCalls.m_Calls[]
settings|corpseDecayFactor.Value
settings|corpseDecayFactor.interactableChanged.m_PersistentCalls.m_Calls[]
settings|corpsesEnabled.Value
settings|corpsesEnabled.interactableChanged.m_PersistentCalls.m_Calls[]
settings|disableDragOnHeldPellet.Value
settings|disableDragOnHeldPellet.interactableChanged.m_PersistentCalls.m_Calls[]
settings|disableHerding.Value
settings|disableHerding.interactableChanged.m_PersistentCalls.m_Calls[]
settings|dragCoefficient.Value
settings|dragCoefficient.interactableChanged.m_PersistentCalls.m_Calls[]
settings|eggCollision.Value
settings|eggCollision.interactableChanged.m_PersistentCalls.m_Calls[]
settings|enableRedDeath.Value
settings|enableRedDeath.interactableChanged.m_PersistentCalls.m_Calls[]
settings|energyUsageEfficiency.Value
settings|energyUsageEfficiency.interactableChanged.m_PersistentCalls.m_Calls[]
settings|fatSustain.Value
settings|fatSustain.interactableChanged.m_PersistentCalls.m_Calls[]
settings|forwardForceSizePower.Value
settings|forwardForceSizePower.interactableChanged.m_PersistentCalls.m_Calls[]
settings|globalZoneSpeed.Value
settings|globalZoneSpeed.interactableChanged.m_PersistentCalls.m_Calls[]
settings|healEfficiency.Value
settings|healEfficiency.interactableChanged.m_PersistentCalls.m_Calls[]
settings|healPowerFactor.Value
settings|healPowerFactor.interactableChanged.m_PersistentCalls.m_Calls[]
settings|healRate.Value
settings|healRate.interactableChanged.m_PersistentCalls.m_Calls[]
settings|healthEnergyFactor.Value
settings|healthEnergyFactor.interactableChanged.m_PersistentCalls.m_Calls[]
settings|healthPerArea.Value
settings|healthPerArea.interactableChanged.m_PersistentCalls.m_Calls[]
settings|independents.SimulationSize.Value
settings|independents.SimulationSize.interactableChanged.m_PersistentCalls.m_Calls[]
settings|independents.bibiteLimit.Value
settings|independents.bibiteLimit.interactableChanged.m_PersistentCalls.m_Calls[]
settings|independents.biomassDensity.Value
settings|independents.biomassDensity.interactableChanged.m_PersistentCalls.m_Calls[]
settings|independents.brainTPS.Value
settings|independents.brainTPS.interactableChanged.m_PersistentCalls.m_Calls[]
settings|independents.decayTPS.Value
settings|independents.decayTPS.interactableChanged.m_PersistentCalls.m_Calls[]
settings|independents.limitBibiteBirth.Value
settings|independents.limitBibiteBirth.interactableChanged.m_PersistentCalls.m_Calls[]
settings|independents.pelletGrowth.Value
settings|independents.pelletGrowth.interactableChanged.m_PersistentCalls.m_Calls[]
settings|independents.simTPS.Value
settings|independents.simTPS.interactableChanged.m_PersistentCalls.m_Calls[]
settings|independents.speciesGeneticSpan.Value
settings|independents.speciesGeneticSpan.interactableChanged.m_PersistentCalls.m_Calls[]
settings|independents.speciesPrunePointLimit.Value
settings|independents.speciesPrunePointLimit.interactableChanged.m_PersistentCalls.m_Calls[]
settings|independents.speciesSpanScalingFactor.Value
settings|independents.speciesSpanScalingFactor.interactableChanged.m_PersistentCalls.m_Calls[]
settings|independents.virginSpawnRate.Value
settings|independents.virginSpawnRate.interactableChanged.m_PersistentCalls.m_Calls[]
settings|independents.visionLookupUpdateFactor.Value
settings|independents.visionLookupUpdateFactor.interactableChanged.m_PersistentCalls.m_Calls[]
settings|independents.visionSenseUpdateFactor.Value
settings|independents.visionSenseUpdateFactor.interactableChanged.m_PersistentCalls.m_Calls[]
settings|initialSeeding.Value
settings|initialSeeding.interactableChanged.m_PersistentCalls.m_Calls[]
settings|jawMusclesSizingPower.Value
settings|jawMusclesSizingPower.interactableChanged.m_PersistentCalls.m_Calls[]
settings|materials.ArmorSettings.cohesiveness
settings|materials.ArmorSettings.decay
settings|materials.ArmorSettings.energyDensity
settings|materials.ArmorSettings.massDensity
settings|materials.ArmorSettings.maxEfficiency
settings|materials.ArmorSettings.minEfficiency
settings|materials.ArmorSettings.reactivity
settings|materials.FatSettings.cohesiveness
settings|materials.FatSettings.decay
settings|materials.FatSettings.energyDensity
settings|materials.FatSettings.massDensity
settings|materials.FatSettings.maxEfficiency
settings|materials.FatSettings.minEfficiency
settings|materials.FatSettings.reactivity
settings|materials.MeatSettings.cohesiveness
settings|materials.MeatSettings.decay
settings|materials.MeatSettings.decayRate
settings|materials.MeatSettings.energyDensity
settings|materials.MeatSettings.freshTime
settings|materials.MeatSettings.massDensity
settings|materials.MeatSettings.maxEfficiency
settings|materials.MeatSettings.minEfficiency
settings|materials.MeatSettings.reactivity
settings|materials.PlantSettings.cohesiveness
settings|materials.PlantSettings.decay
settings|materials.PlantSettings.energyDensity
settings|materials.PlantSettings.massDensity
settings|materials.PlantSettings.maxEfficiency
settings|materials.PlantSettings.minEfficiency
settings|materials.PlantSettings.reactivity
settings|meatAffinityPowerFactor.Value
settings|meatAffinityPowerFactor.interactableChanged.m_PersistentCalls.m_Calls[]
settings|minPelletSize.Value
settings|minPelletSize.interactableChanged.m_PersistentCalls.m_Calls[]
settings|moveMusclesCost.Value
settings|moveMusclesCost.interactableChanged.m_PersistentCalls.m_Calls[]
settings|neuronAddChance.Value
settings|neuronAddChance.interactableChanged.m_PersistentCalls.m_Calls[]
settings|neuronBirthCost.Value
settings|neuronBirthCost.interactableChanged.m_PersistentCalls.m_Calls[]
settings|neuronChangeChance.Value
settings|neuronChangeChance.interactableChanged.m_PersistentCalls.m_Calls[]
settings|neuronDefaultChance.Value
settings|neuronDefaultChance.interactableChanged.m_PersistentCalls.m_Calls[]
settings|neuronMutationChance.Value
settings|neuronMutationChance.interactableChanged.m_PersistentCalls.m_Calls[]
settings|neuronRemoveChance.Value
settings|neuronRemoveChance.interactableChanged.m_PersistentCalls.m_Calls[]
settings|neuronUpkeepCost.Value
settings|neuronUpkeepCost.interactableChanged.m_PersistentCalls.m_Calls[]
settings|pelletCollision.Value
settings|pelletCollision.interactableChanged.m_PersistentCalls.m_Calls[]
settings|pelletEnergy.Value
settings|pelletEnergy.interactableChanged.m_PersistentCalls.m_Calls[]
settings|pelletMerge.Value
settings|pelletMerge.interactableChanged.m_PersistentCalls.m_Calls[]
settings|pelletRotation.Value
settings|pelletRotation.interactableChanged.m_PersistentCalls.m_Calls[]
settings|pheromoneProductionCost.Value
settings|pheromoneProductionCost.interactableChanged.m_PersistentCalls.m_Calls[]
settings|pheromoneProductionStrength.Value
settings|pheromoneProductionStrength.interactableChanged.m_PersistentCalls.m_Calls[]
settings|plantAffinityPowerFactor.Value
settings|plantAffinityPowerFactor.interactableChanged.m_PersistentCalls.m_Calls[]
settings|preventBluePheroProduction.Value
settings|preventBluePheroProduction.interactableChanged.m_PersistentCalls.m_Calls[]
settings|preventGreenPheroProduction.Value
settings|preventGreenPheroProduction.interactableChanged.m_PersistentCalls.m_Calls[]
settings|preventMutations.Value
settings|preventMutations.interactableChanged.m_PersistentCalls.m_Calls[]
settings|preventRedPheroProduction.Value
settings|preventRedPheroProduction.interactableChanged.m_PersistentCalls.m_Calls[]
settings|redDeathBaseDamages.Value
settings|redDeathBaseDamages.interactableChanged.m_PersistentCalls.m_Calls[]
settings|redDeathDamageVelocity.Value
settings|redDeathDamageVelocity.interactableChanged.m_PersistentCalls.m_Calls[]
settings|redDeathFill.Value
settings|redDeathFill.interactableChanged.m_PersistentCalls.m_Calls[]
settings|relativeMutationShare.Value
settings|relativeMutationShare.interactableChanged.m_PersistentCalls.m_Calls[]
settings|settingsChangers[*].d[*]
settings|settingsChangers[*].f[*]
settings|settingsChangers[*].name
settings|settingsChangers[*].repeat
settings|settingsChangers[*].settingsBases.Zone(0).fertility
settings|settingsChangers[*].settingsBases.biomassDensity
settings|settingsChangers[*].settingsBases.pelletEnergy
settings|settingsChangers[*].start
settings|settingsChangers[*].t[*]
settings|settingsChangers[*].y[*]
settings|settingsChangers[]
settings|shadeAvoidance.Value
settings|shadeAvoidance.interactableChanged.m_PersistentCalls.m_Calls[]
settings|shadeOutsideOfBounds.Value
settings|shadeOutsideOfBounds.interactableChanged.m_PersistentCalls.m_Calls[]
settings|stomachContentContribution.Value
settings|stomachContentContribution.interactableChanged.m_PersistentCalls.m_Calls[]
settings|storableEnergyPerArea.Value
settings|storableEnergyPerArea.interactableChanged.m_PersistentCalls.m_Calls[]
settings|synapseAddChance.Value
settings|synapseAddChance.interactableChanged.m_PersistentCalls.m_Calls[]
settings|synapseBirthCost.Value
settings|synapseBirthCost.interactableChanged.m_PersistentCalls.m_Calls[]
settings|synapseChangeChance.Value
settings|synapseChangeChance.interactableChanged.m_PersistentCalls.m_Calls[]
settings|synapseFlipChance.Value
settings|synapseFlipChance.interactableChanged.m_PersistentCalls.m_Calls[]
settings|synapseMutationChance.Value
settings|synapseMutationChance.interactableChanged.m_PersistentCalls.m_Calls[]
settings|synapseRemoveChance.Value
settings|synapseRemoveChance.interactableChanged.m_PersistentCalls.m_Calls[]
settings|synapseToggleChance.Value
settings|synapseToggleChance.interactableChanged.m_PersistentCalls.m_Calls[]
settings|synapseUpkeepCost.Value
settings|synapseUpkeepCost.interactableChanged.m_PersistentCalls.m_Calls[]
settings|throwingForceFactor.Value
settings|throwingForceFactor.interactableChanged.m_PersistentCalls.m_Calls[]
settings|turnForceSizePower.Value
settings|turnForceSizePower.interactableChanged.m_PersistentCalls.m_Calls[]
settings|viewAngleAddedCost.Value
settings|viewAngleAddedCost.interactableChanged.m_PersistentCalls.m_Calls[]
settings|viewRadiusAddedCost.Value
settings|viewRadiusAddedCost.interactableChanged.m_PersistentCalls.m_Calls[]
settings|voidAvoidance.Value
settings|voidAvoidance.interactableChanged.m_PersistentCalls.m_Calls[]
settings|voidAvoidanceDistance.Value
settings|voidAvoidanceDistance.interactableChanged.m_PersistentCalls.m_Calls[]
settings|worldWrapping.Value
settings|worldWrapping.interactableChanged.m_PersistentCalls.m_Calls[]
settings|zoneGroups[]
settings|zones[*].biomassDensity
settings|zones[*].distribution
settings|zones[*].fertility
settings|zones[*].id
settings|zones[*].material
settings|zones[*].movement
settings|zones[*].name
settings|zones[*].pelletSize
settings|zones[*].posX
settings|zones[*].posY
settings|zones[*].radius
settings|zones[*].radiusIsRelative
settings|zones[*].speed
species|activeSpeciesList[*]
species|connectionMaxInnovation
species|logCounter
species|maxCount
species|maxEnergy
species|nRecords
species|nextSpeciesID
species|nodeMaxInnovation
species|recordedSpecies[*].description
species|recordedSpecies[*].favorite
species|recordedSpecies[*].generationOfFirstSpecimen
species|recordedSpecies[*].genericName
species|recordedSpecies[*].parentID
species|recordedSpecies[*].speciesID
species|recordedSpecies[*].specificName
species|recordedSpecies[*].template.genes.ArmorWAG
species|recordedSpecies[*].template.genes.AverageMutationNumber
species|recordedSpecies[*].template.genes.BrainAverageMutation
species|recordedSpecies[*].template.genes.BrainMutationSigma
species|recordedSpecies[*].template.genes.BroodTime
species|recordedSpecies[*].template.genes.ClockSpeed
species|recordedSpecies[*].template.genes.ColorB
species|recordedSpecies[*].template.genes.ColorG
species|recordedSpecies[*].template.genes.ColorR
species|recordedSpecies[*].template.genes.Diet
species|recordedSpecies[*].template.genes.EyeOffset
species|recordedSpecies[*].template.genes.FatStorageDeadband
species|recordedSpecies[*].template.genes.FatStorageThreshold
species|recordedSpecies[*].template.genes.FatWAG
species|recordedSpecies[*].template.genes.GrowthMaturityExponent
species|recordedSpecies[*].template.genes.GrowthMaturityFactor
species|recordedSpecies[*].template.genes.GrowthScale
species|recordedSpecies[*].template.genes.HatchTime
species|recordedSpecies[*].template.genes.HerdAlignmentWeight
species|recordedSpecies[*].template.genes.HerdCohesionWeight
species|recordedSpecies[*].template.genes.HerdSeparationDistance
species|recordedSpecies[*].template.genes.HerdSeparationWeight
species|recordedSpecies[*].template.genes.HerdVelocityWeight
species|recordedSpecies[*].template.genes.LayTime
species|recordedSpecies[*].template.genes.MouthMusclesWAG
species|recordedSpecies[*].template.genes.MoveMusclesWAG
species|recordedSpecies[*].template.genes.MutationAmountSigma
species|recordedSpecies[*].template.genes.PheroSense
species|recordedSpecies[*].template.genes.SizeRatio
species|recordedSpecies[*].template.genes.SpeedRatio
species|recordedSpecies[*].template.genes.StomachWAG
species|recordedSpecies[*].template.genes.ThroatWAG
species|recordedSpecies[*].template.genes.ViewAngle
species|recordedSpecies[*].template.genes.ViewRadius
species|recordedSpecies[*].template.genes.WombWAG
species|recordedSpecies[*].template.nodes[*].Desc
species|recordedSpecies[*].template.nodes[*].Index
species|recordedSpecies[*].template.nodes[*].Inov
species|recordedSpecies[*].template.nodes[*].Type
species|recordedSpecies[*].template.nodes[*].baseActivation
species|recordedSpecies[*].template.synapses[*].En
species|recordedSpecies[*].template.synapses[*].Inov
species|recordedSpecies[*].template.synapses[*].NodeIn
species|recordedSpecies[*].template.synapses[*].NodeOut
species|recordedSpecies[*].template.synapses[*].Weight
species|recordedSpecies[*].template.version
species|recordedSpecies[*].timeCreation
species|usedSpanText{}
vars|towerMaxID
